<?xml version="1.0" encoding="utf-8"?><testsuites><testsuite name="pytest" errors="0" failures="0" skipped="0" tests="5" time="0.125" timestamp="2023-09-11T19:28:50.615186" hostname="steven-ds-stg-vm"><testcase classname="tests.test_logger" name="test_info_logger_stdout" time="0.003" /><testcase classname="tests.test_logger" name="test_debug_logger_file" time="0.003" /><testcase classname="tests.test_logger" name="test_warn_logger_file" time="0.002" /><testcase classname="tests.test_logger" name="test_error_logger_file" time="0.002" /><testcase classname="tests.test_logger" name="test_modules" time="0.004" /></testsuite></testsuites>